
Discarded input sections

 .gomi          0x0000000000000000       0x10 output.o

Memory Configuration

Name             Origin             Length             Attributes
*default*        0x0000000000000000 0xffffffffffffffff

Linker script and memory map

                0x0000000040100000                virt = 0x40100000
                0x0000000000100000                phys = 0x100000
                0x0000000040100000                . = virt
                0x0000000040100000                head = .
                0x0000000040100078                . = (virt + SIZEOF_HEADERS)

.entry          0x0000000040101000     0x6880 load address 0x0000000000101000
                0x0000000040101000                code = .
 *(.entry)
 .entry         0x0000000040101000     0x6000 output.o
                0x000000004010100c                entry
                0x0000000040101330                uefi_entry_virttophys
                0x000000004010133b                uefi_entry_call
                0x000000004010137b                uefi_entry_pcpy
                0x00000000401013ba                uefi_entry_start
                0x00000000401014d1                uefi_entry_rsp
                0x00000000401014d9                uefi_entry_ret_addr
                0x0000000040101580                cpuinit_start
                0x00000000401017b0                vmm_base_cr3
                0x00000000401017c8                apinit_procs
                0x00000000401017d0                apinit_lock
                0x00000000401017d8                cpuinit_end
                0x0000000040103000                entry_pdp
                0x0000000040104000                entry_pd0
                0x0000000040105000                entry_pd
 *(.entry.text)
 .entry.text    0x0000000040107000      0x6e2 output.o
                0x0000000040107000                uefi_init_get_vmmsize
                0x00000000401070a6                uefi_init
 *(.entry.data)
 *fill*         0x00000000401076e2       0x1e 
 .entry.data    0x0000000040107700      0x180 output.o
                0x00000000401077c8                uefi_boot_param_ext_addr
                0x00000000401077d0                uefi_disconnect_controller
                0x00000000401077d8                uefi_image_handle
                0x00000000401077e0                uefi_close_protocol
                0x00000000401077e8                uefi_open_protocol
                0x00000000401077f0                uefi_free_pool
                0x00000000401077f8                uefi_locate_handle_buffer
                0x0000000040107800                uefi_acpi_table
                0x0000000040107808                uefi_acpi_20_table
                0x0000000040107810                uefi_wait_for_event
                0x0000000040107818                uefi_free_pages
                0x0000000040107820                uefi_get_memory_map
                0x0000000040107828                uefi_allocate_pages
                0x0000000040107830                uefi_conout_output_string
                0x0000000040107838                uefi_conin_read_key_stroke
                0x0000000040107840                uefi_conout
                0x0000000040107848                uefi_conin

.text           0x0000000040108000   0x1241e9 load address 0x0000000000108000
                0x0000000040108000                text = .
 *(.text)
 .text          0x0000000040108000   0x1241e9 output.o
                0x0000000040108b69                acpi_smi_hook
                0x0000000040108bb7                acpi_iohook
                0x0000000040108c10                acpi_reset
                0x0000000040108d6f                acpi_poweroff
                0x0000000040108da2                get_acpi_time_raw
                0x0000000040108dbe                acpi_read_mcfg
                0x000000004010ee63                acpi_dsdt_parse
                0x000000004010ef28                acpi_ssdt_parse
                0x000000004010f071                apinitproc0
                0x000000004010f09d                apic_available
                0x000000004010f0c2                ap_start_addr
                0x000000004010f424                panic_wakeup_all
                0x000000004010f4b1                disable_apic
                0x000000004010f56b                sync_all_processors
                0x000000004010f5fe                start_all_processors
                0x000000004010f640                assertion_failed
                0x000000004010f677                beep_set_freq
                0x000000004010f6a3                beep_on
                0x000000004010f6ae                beep_off
                0x000000004010fd0a                update_mtrr_and_pat
                0x0000000040110104                cache_get_gpat
                0x0000000040110157                cache_set_gpat
                0x00000000401101a1                cache_get_attr
                0x0000000040110239                cache_get_gmtrr_type
                0x0000000040110253                cache_gmtrr_type_equal
                0x0000000040110376                cache_get_gmtrr_attr
                0x0000000040110399                cache_get_gmtrrcap
                0x00000000401103c2                cache_get_gmtrr
                0x00000000401104d6                cache_set_gmtrr
                0x0000000040110536                cache_get_gmsr_amd
                0x00000000401105c6                cache_set_gmsr_amd
                0x0000000040110a31                callrealmode_endofcodeaddr
                0x0000000040110a3d                callrealmode_usevcpu
                0x0000000040110a45                callrealmode_printmsg
                0x0000000040110a61                callrealmode_getsysmemmap
                0x0000000040110aad                callrealmode_getshiftflags
                0x0000000040110aca                callrealmode_setvideomode
                0x0000000040110ae7                callrealmode_reboot
                0x0000000040110aff                callrealmode_tcgbios
                0x0000000040110b9c                callrealmode_disk_readmbr
                0x0000000040110bdd                callrealmode_disk_readlba
                0x0000000040110c28                callrealmode_bootcd_getstatus
                0x0000000040110c7d                callrealmode_setcursorpos
                0x0000000040110ca3                callrealmode_startkernel32
                0x0000000040110cc3                callrealmode_getfontinfo
                0x0000000040110d30                call_uefi_get_memory_map
                0x0000000040110dab                call_uefi_allocate_pages
                0x0000000040110e0a                call_uefi_free_pages
                0x0000000040110e2f                call_uefi_getkey
                0x0000000040110ea4                call_uefi_putchar
                0x0000000040110eef                call_uefi_disconnect_pcidev_driver
                0x00000000401111d0                fill_pagetable
                0x00000000401112d9                copy_uefi_bootcode
                0x0000000040111442                get_cpu_id
                0x0000000040111451                cpu_emul_cpuid
                0x000000004011150d                cpu_emul_rdmsr
                0x000000004011157e                cpu_emul_wrmsr
                0x00000000401115f1                cpu_emul_hlt
                0x0000000040111604                cpu_emul_cli
                0x000000004011163f                cpu_emul_sti
                0x0000000040111688                cpu_emul_realmode_int
                0x00000000401117fd                cpu_emul_xsetbv
                0x0000000040114236                cpu_interpreter
                0x000000004011648f                cpu_mmu_get_pte
                0x0000000040116bc9                write_linearaddr_ok_b
                0x0000000040116beb                write_linearaddr_ok_w
                0x0000000040116bf9                write_linearaddr_ok_l
                0x0000000040116c07                write_linearaddr_b
                0x0000000040116c70                write_linearaddr_w
                0x0000000040116d0b                write_linearaddr_l
                0x0000000040116da4                write_linearaddr_q
                0x0000000040116e3b                read_linearaddr_b
                0x0000000040116ea2                read_linearaddr_w
                0x0000000040116f37                read_linearaddr_l
                0x0000000040116fcc                read_linearaddr_q
                0x0000000040117061                read_linearaddr_tss
                0x00000000401170f4                write_linearaddr_tss
                0x000000004011b02b                cpu_mmu_spt_tlbflush
                0x000000004011b069                cpu_mmu_spt_updatecr3
                0x000000004011b2e5                cpu_mmu_spt_invalidate
                0x000000004011b359                cpu_mmu_spt_pagefault
                0x000000004011b540                cpu_mmu_spt_extern_mapsearch
                0x000000004011b66d                cpu_mmu_spt_map_1mb
                0x000000004011b804                cpu_mmu_spt_clear_all
                0x000000004011b944                cpu_mmu_spt_init
                0x000000004011bece                cpu_seg_read_b
                0x000000004011bf38                cpu_seg_read_w
                0x000000004011bfa2                cpu_seg_read_l
                0x000000004011c00c                cpu_seg_read_q
                0x000000004011c076                cpu_seg_write_b
                0x000000004011c0e1                cpu_seg_write_w
                0x000000004011c14c                cpu_seg_write_l
                0x000000004011c1b6                cpu_seg_write_q
                0x000000004011c220                cpu_stack_get
                0x000000004011c28b                cpu_stack_set
                0x000000004011c322                cpu_stack_push
                0x000000004011c3c0                cpu_stack_pop
                0x000000004011c490                call_cpuid
                0x000000004011c852                debug_gdb
                0x000000004011c853                debug_iohook
                0x000000004011c854                debug_msgregister
                0x000000004011c887                debug_msgunregister
                0x000000004011c92a                exint_pass_intr_alloc
                0x000000004011c972                exint_pass_intr_free
                0x000000004011c990                exint_pass_intr_register_callback
                0x000000004011c9e6                do_exint_pass
                0x000000004011cae4                read_gphys_b
                0x000000004011cb47                write_gphys_b
                0x000000004011cbc6                read_gphys_w
                0x000000004011cc53                write_gphys_w
                0x000000004011cd00                read_gphys_l
                0x000000004011cd8d                write_gphys_l
                0x000000004011ce3f                read_gphys_q
                0x000000004011cecc                write_gphys_q
                0x000000004011cf79                cmpxchg_gphys_l
                0x000000004011d032                cmpxchg_gphys_q
                0x000000004011d0eb                gmm_pass_getforcemap
                0x000000004011d0ff                gmm_pass_gp2hp
                0x000000004011d132                gmm_pass_gp2hp_2m
                0x000000004011d5d3                idman_reinit_session
                0x000000004011d657                idman_reinit2
                0x000000004011d67b                get_idman_session
                0x000000004011d6aa                call_initfunc
                0x000000004011d6f6                initfunc_init
                0x000000004011f256                int_fatal
                0x000000004011f50e                callfunc_and_getint
                0x000000004011f525                do_externalint_enable
                0x000000004011f53d                set_int_handler
                0x000000004011f557                int_exceptionHandler
                0x000000004011f55d                int_init_ap
                0x000000004011f589                do_io_nothing
                0x000000004011f5c9                set_iofunc
                0x000000004011f63a                call_io
                0x000000004011f720                do_iopass_default
                0x000000004011f999                keyboard_reset
                0x000000004011f9e4                setkbdled
                0x000000004011fa35                keyboard_flush
                0x000000004011fa53                load_bootsector
                0x000000004011fde3                copy_bootsector
                0x00000000401201e0                localapic_wait_for_sipi
                0x00000000401202b3                localapic_change_base_msr
                0x000000004012032d                localapic_mmio_register
                0x0000000040120398                localapic_delayed_ap_start
                0x00000000401203a0                localapic_x2apic_icr
                0x0000000040120eec                resume_vm
                0x0000000040120f9e                vmm_main
                0x000000004012147a                getsysmemmap
                0x00000000401214f2                getfakesysmemmap
                0x0000000040121563                phys_to_virt
                0x0000000040121574                vmm_start_inf
                0x000000004012157b                vmm_term_inf
                0x0000000040121587                num_of_available_pages
                0x0000000040121600                mm_get_panicmem
                0x000000004012162a                mm_free_panicmem
                0x0000000040121675                alloc_pages
                0x00000000401216d9                alloc_page
                0x00000000401216ec                alloc
                0x0000000040121958                alloc2
                0x0000000040121993                free
                0x0000000040121aa2                realloc
                0x0000000040121bd5                free_page
                0x0000000040121beb                free_page_phys
                0x0000000040121c11                mempool_new
                0x0000000040121c71                mempool_free
                0x0000000040121d29                mempool_allocmem
                0x0000000040121f1c                mempool_freemem
                0x0000000040122190                sym_to_phys
                0x000000004012219f                phys_in_vmm
                0x00000000401221c1                mm_force_unlock
                0x00000000401221e5                mm_process_alloc
                0x0000000040122227                mm_process_free
                0x0000000040122235                pmap_open_vmm
                0x000000004012225b                pmap_open_guest
                0x0000000040122299                pmap_close
                0x000000004012229a                pmap_getreadlevel
                0x00000000401222a1                pmap_setlevel
                0x00000000401222a8                pmap_seek
                0x00000000401222eb                pmap_read
                0x000000004012258b                pmap_write
                0x0000000040122759                mm_process_unmap
                0x000000004012282f                mm_process_unmap_stack
                0x00000000401229e9                mm_process_unmapall
                0x0000000040122a89                mm_process_switch
                0x0000000040122c4b                pmap_pointer
                0x0000000040122cac                pmap_clear
                0x0000000040122de4                pmap_autoalloc
                0x0000000040122f52                mm_process_map_alloc
                0x0000000040123035                mm_process_map_shared_physpage
                0x0000000040123090                mm_process_map_shared
                0x00000000401232ed                mm_process_map_stack
                0x0000000040123cab                pmap_dump
                0x0000000040123db6                unmapmem
                0x0000000040123e7e                mapmem
                0x00000000401242aa                read_hphys_b
                0x0000000040124301                write_hphys_b
                0x0000000040124326                read_hphys_w
                0x0000000040124350                write_hphys_w
                0x0000000040124376                read_hphys_l
                0x000000004012439e                write_hphys_l
                0x00000000401243c3                read_hphys_q
                0x00000000401243ed                write_hphys_q
                0x0000000040124414                cmpxchg_hphys_l
                0x0000000040124454                cmpxchg_hphys_q
                0x0000000040124498                alloc_realmodemem
                0x0000000040124699                mapmem_hphys
                0x00000000401246b4                mapmem_gphys
                0x00000000401246cf                mm_flush_wb_cache
                0x0000000040124d42                mmio_access_memory
                0x000000004012501a                mmio_access_page
                0x00000000401250e3                mmio_register
                0x00000000401250f7                mmio_register_unlocked
                0x000000004012510b                mmio_unregister
                0x00000000401251bb                mmio_lock
                0x00000000401251f3                mmio_unlock
                0x00000000401252f3                mmio_range
                0x000000004012545f                msg_findname
                0x00000000401254c1                msg_register
                0x0000000040125592                msg_unregister
                0x0000000040125612                msg_unregisterall
                0x000000004012568e                msg_unregister2
                0x0000000040125748                call_read_msr
                0x000000004012575f                call_write_msr
                0x0000000040125d4c                msr_pass_hook_x2apic_icr
                0x0000000040125e5b                load_minios
                0x00000000401260f0                backtrace
                0x0000000040126af5                panic
                0x00000000401270a7                auto_reboot
                0x00000000401270c4                panic_test
                0x00000000401270e6                pcpu_list_foreach
                0x0000000040127116                pcpu_list_add
                0x0000000040127165                pcpu_init
                0x0000000040127cce                vprintf
                0x0000000040127d0c                printf
                0x0000000040127d54                vsnprintf
                0x0000000040127d92                snprintf
                0x0000000040127ed7                sys_msgret
                0x0000000040127eec                sys_msgunregister
                0x0000000040127fcf                sys_msgsetfunc
                0x0000000040128077                sys_msgclose
                0x000000004012821c                sys_msgregister
                0x0000000040128511                sys_msgsenddesc
                0x00000000401287ff                sys_newprocess
                0x0000000040128869                sys_exitprocess
                0x00000000401288b9                sys_msgopen
                0x000000004012891a                process_kill
                0x000000004012897e                own_process64_msrs
                0x00000000401290ee                sys_msgsendint
                0x0000000040129199                sys_msgsendbuf
                0x00000000401292c0                msgsetfunc
                0x00000000401292d0                msgregister
                0x00000000401292e9                msgopen
                0x00000000401292ff                msgclose
                0x000000004012930c                msgsendint
                0x0000000040129323                msgsenddesc
                0x000000004012933a                newprocess
                0x0000000040129350                msgsendbuf
                0x000000004012936d                msgunregister
                0x00000000401293a0                exitprocess
                0x00000000401293b3                msgpremapbuf
                0x00000000401294cc                process_syscall
                0x0000000040129582                putchar
                0x00000000401295c3                putchar_set_func
                0x00000000401298ec                do_panic_reboot
                0x0000000040129969                handle_init_to_bsp
                0x00000000401299d7                reboot_test
                0x0000000040129a00                savemsr_save
                0x0000000040129a6a                savemsr_load
                0x0000000040129dd8                get_seg_base
                0x0000000040129e8a                get_seg_access_rights
                0x0000000040129ea5                segment_wakeup
                0x0000000040129ee9                segment_init_ap
                0x000000004012a0f9                serial_putDebugChar
                0x000000004012a106                serial_getDebugChar
                0x000000004012a116                serial_putchar
                0x000000004012a176                serial_init_iohook
                0x000000004012a1ad                waitcycles
                0x000000004012a1c2                usleep
                0x000000004012a2bf                sleep_set_timer_counter
                0x000000004012a2e8                strtol
                0x000000004012a54d                vmctl_svm_init
                0x000000004012a59d                message_exitcode
                0x000000004012a915                printexitcode
                0x000000004012a935                svm_available
                0x000000004012a9d6                svm_reset
                0x000000004012ac81                svm_vminit
                0x000000004012af5f                svm_vmexit
                0x000000004012af60                svm_init
                0x000000004012b076                svm_enable_resume
                0x000000004012b127                svm_resume
                0x000000004012b237                svm_ioio
                0x000000004012b320                svm_iopass
                0x000000004012b487                svm_init_signal
                0x000000004012b4af                svm_start_vm
                0x000000004012c11f                svm_msr_update_lma
                0x000000004012c18e                svm_read_msr
                0x000000004012c3e6                svm_write_msr
                0x000000004012c64f                svm_msrpass
                0x000000004012cd1c                svm_np_init
                0x000000004012cdd8                svm_np_pagefault
                0x000000004012ce5f                svm_np_tlbflush
                0x000000004012ce60                svm_np_updatecr3
                0x000000004012ce6e                svm_np_clear_all
                0x000000004012ced6                svm_np_extern_mapsearch
                0x000000004012cf8e                svm_np_map_1mb
                0x000000004012cff3                svm_paging_extern_flush_tlb_entry
                0x000000004012d01a                svm_paging_map_1mb
                0x000000004012d041                svm_paging_flush_guest_tlb
                0x000000004012d07a                svm_paging_init
                0x000000004012d18b                svm_paging_pagefault
                0x000000004012d1ba                svm_paging_tlbflush
                0x000000004012d1e1                svm_paging_invalidate
                0x000000004012d210                svm_paging_npf
                0x000000004012d23f                svm_paging_updatecr3
                0x000000004012d266                svm_paging_spt_setcr3
                0x000000004012d29a                svm_paging_clear_all
                0x000000004012d2c1                svm_paging_get_gpat
                0x000000004012d2cf                svm_paging_set_gpat
                0x000000004012d30f                svm_paging_apply_fixed_cr0
                0x000000004012d32f                svm_paging_apply_fixed_cr4
                0x000000004012d34b                svm_paging_pg_change
                0x000000004012d34c                svm_paging_start
                0x000000004012d34f                svm_panic_dump
                0x000000004012d41b                svm_read_general_reg
                0x000000004012d557                svm_write_general_reg
                0x000000004012d663                svm_read_control_reg
                0x000000004012d6e7                svm_write_control_reg
                0x000000004012d7b3                svm_read_sreg_sel
                0x000000004012d874                svm_read_sreg_acr
                0x000000004012d94a                svm_read_sreg_base
                0x000000004012da5c                svm_read_sreg_limit
                0x000000004012db63                svm_read_ip
                0x000000004012db7d                svm_write_ip
                0x000000004012db9e                svm_read_flags
                0x000000004012dbb8                svm_write_flags
                0x000000004012dbcf                svm_read_gdtr
                0x000000004012dc01                svm_write_gdtr
                0x000000004012dc25                svm_read_idtr
                0x000000004012dc57                svm_write_idtr
                0x000000004012dc7b                svm_write_realmode_seg
                0x000000004012ddba                svm_writing_sreg
                0x000000004012deaa                int1a_TCG_StatusCheck
                0x000000004012df7c                int1a_TCG_HashLogExtendEvent
                0x000000004012e008                int1a_TCG_PassThroughToTPM
                0x000000004012e094                int1a_TCG_HashLogEvent
                0x000000004012e11b                int1a_TCG_HashAll
                0x000000004012e1dc                int1a_TCG_TSS
                0x000000004012e268                int1a_TCG_CompactHashLogExtendEvent
                0x000000004012e2cb                tcg_measure
                0x000000004012e5c2                thread_gettid
                0x000000004012e5d2                schedule
                0x000000004012e818                thread_new
                0x000000004012e97a                thread_wakeup
                0x000000004012ea5d                thread_will_stop
                0x000000004012ead2                thread_exit
                0x000000004012eb70                thread_start1
                0x000000004012ed6d                get_cpu_time
                0x000000004012ee23                get_acpi_time
                0x000000004012eec2                get_time
                0x000000004012f099                timer_new
                0x000000004012f114                timer_set
                0x000000004012f230                timer_free
                0x000000004012f6c2                tty_putchar
                0x000000004012fa6f                ttylog_stop
                0x000000004012fa7a                tty_udp_register
                0x000000004012fabf                tty_get_logbuf_info
                0x000000004012fafc                ttylog_copy_to_panicmem
                0x000000004012fb0f                ttylog_copy_from_panicmem
                0x000000004012fb22                tty_init_iohook
                0x000000004012fb3a                vcpu_list_foreach
                0x000000004012fb6a                load_new_vcpu
                0x000000004012fc12                vga_register
                0x000000004012fc87                vga_is_ready
                0x000000004012fcda                vga_transfer_image
                0x000000004012fd20                vga_fill_rect
                0x000000004012fd58                vga_get_screen_size
                0x000000004012fe6b                vmmcall
                0x000000004012fec3                vmmcall_register
                0x000000004012ff00                vmmcall_init
                0x00000000401303a0                vmmcall_boot_continue
                0x00000000401303f0                vmmcall_boot_enable
                0x0000000040130981                register_status_callback
                0x0000000040130a3e                vramwrite_clearscreen
                0x0000000040130aa2                vramwrite_putchar
                0x0000000040130c71                vramwrite_mark1
                0x0000000040130ca7                vramwrite_mark2
                0x0000000040130ce4                vramwrite_mark3
                0x0000000040130d21                vramwrite_save_and_move_cursor
                0x0000000040130d4e                vramwrite_restore_cursor
                0x0000000040130d5b                vramwrite_get_cursor_pos
                0x0000000040130da3                vramwrite_init_global
                0x0000000040130dab                vramwrite_exit_global
                0x0000000040130e36                vt_generate_pagefault
                0x0000000040130eb7                vt_generate_external_int
                0x0000000040130f04                vmctl_vt_init
                0x0000000040130f54                vt_update_exint
                0x0000000040130fd5                vt_vmptrld
                0x0000000040131524                vt_ept_init
                0x00000000401315de                vt_ept_violation
                0x0000000040131665                vt_ept_tlbflush
                0x0000000040131666                vt_ept_updatecr3
                0x000000004013171f                vt_ept_clear_all
                0x0000000040131787                vt_ept_extern_mapsearch
                0x000000004013183f                vt_ept_map_1mb
                0x00000000401318a4                message_exitreason
                0x0000000040131a16                printexitreason
                0x000000004013266b                vt_available
                0x0000000040132703                vt__vmx_init
                0x000000004013274b                vt__vmxon
                0x00000000401327fc                vt_vminit
                0x000000004013285b                vt_vmexit
                0x0000000040132878                vt_init
                0x000000004013288b                vt_enable_resume
                0x0000000040132972                vt_resume
                0x0000000040132a61                vt_io
                0x0000000040132b8d                vt_iopass
                0x00000000401339e2                vt_update_exception_bmp
                0x0000000040133fc7                vt_init_signal
                0x0000000040133fd5                vt_start_vm
                0x000000004013454c                vt_msr_load_process64_msrs
                0x00000000401345fa                vt_msr_own_process_msrs
                0x0000000040134628                vt_add_guest_msr
                0x0000000040134774                vt_read_guest_msr
                0x00000000401347d4                vt_write_guest_msr
                0x000000004013482e                vt_msr_update_lma
                0x00000000401348d7                vt_read_msr
                0x0000000040134ae2                vt_write_msr
                0x0000000040134cf5                vt_msrpass
                0x0000000040134e42                vt_msr_init
                0x0000000040134f8d                vt_paging_extern_flush_tlb_entry
                0x0000000040134fe0                vt_paging_map_1mb
                0x0000000040134ffe                vt_paging_flush_guest_tlb
                0x000000004013505f                vt_paging_pagefault
                0x0000000040135095                vt_paging_tlbflush
                0x00000000401350b3                vt_paging_invalidate
                0x00000000401350d9                vt_paging_npf
                0x000000004013510d                vt_paging_updatecr3
                0x0000000040135130                vt_paging_spt_setcr3
                0x0000000040135156                vt_paging_clear_all
                0x000000004013518e                vt_paging_get_gpat
                0x000000004013519c                vt_paging_set_gpat
                0x00000000401351e2                vt_paging_apply_fixed_cr0
                0x0000000040135246                vt_paging_apply_fixed_cr4
                0x000000004013528f                vt_paging_pg_change
                0x00000000401354c4                vt_paging_init
                0x0000000040135513                vt_paging_start
                0x0000000040135531                vt_panic_dump
                0x000000004013571d                vt_read_general_reg
                0x0000000040135841                vt_write_general_reg
                0x0000000040135935                vt_read_control_reg
                0x00000000401359d1                vt_read_sreg_sel
                0x0000000040135ada                vt_read_sreg_acr
                0x0000000040135b43                vt_read_sreg_base
                0x0000000040135bd7                vt_read_sreg_limit
                0x0000000040135c66                vt_read_ip
                0x0000000040135c72                vt_write_ip
                0x0000000040135c8d                vt_read_flags
                0x0000000040135cb1                vt_write_flags
                0x0000000040135cd2                vt_read_gdtr
                0x0000000040135ce9                vt_write_gdtr
                0x0000000040135cfa                vt_read_idtr
                0x0000000040135d3f                vt_write_idtr
                0x0000000040135d70                vt_write_control_reg
                0x00000000401362fb                vt_get_current_regs_in_vmcs
                0x000000004013659c                vt_get_vmcs_regs_in_vmcs
                0x00000000401367d3                vt_write_realmode_seg
                0x000000004013691d                vt_writing_sreg
                0x00000000401369a8                vt_reset
                0x0000000040136d2a                prepare_for_sleep
                0x0000000040136dec                cancel_sleep
                0x0000000040136e11                wakeup_main
                0x0000000040136e9c                wakeup_cont
                0x0000000040136fdc                wakeup_init
                0x0000000040137023                call_xsetbv
                0x00000000401370e0                mpumul_64_64
                0x0000000040137100                mpudiv_128_32
                0x0000000040137120                ipchecksum
                0x00000000401371b0                crc32
                0x00000000401371c0                asm_vmlaunch_regs_32
                0x0000000040137240                asm_vmresume_regs_32
                0x00000000401372c0                asm_vmrun_regs_32
                0x0000000040137320                asm_vmrun_regs_nested_32
                0x0000000040137390                asm_vmlaunch_regs_64
                0x0000000040137470                asm_vmresume_regs_64
                0x0000000040137550                asm_vmrun_regs_64
                0x0000000040137600                asm_vmrun_regs_nested_64
                0x00000000401376b2                callrealmode_start
                0x00000000401376c8                callrealmode_start2
                0x0000000040137b54                move_vmm_area32
                0x0000000040137b54                callrealmode_end
                0x0000000040137b79                move_vmm_area64
                0x0000000040137ba8                int_handler
                0x0000000040137c18                int_callfunc
                0x0000000040138000                syscall_entry_sysexit
                0x000000004013802c                syscall_entry_lret
                0x000000004013805c                ret_to_user32
                0x0000000040138068                syscall_entry_sysret64
                0x00000000401380b0                ret_to_user64
                0x0000000040139000                processuser_sysenter
                0x000000004013a000                processuser_no_sysenter
                0x000000004013b000                processuser_syscall
                0x000000004013c140                memset
                0x000000004013c1c0                memcpy
                0x000000004013c200                strcmp
                0x000000004013c240                memcmp
                0x000000004013c280                strlen
                0x000000004013c298                sx_handler
                0x000000004013c2f0                thread_switch
                0x000000004013c310                thread_start0
                0x000000004013c34a                disconnect_pcidev_driver
                0x000000004013c44f                uefi_param_ext_get_phys
                0x000000004013c4e8                core_init
                0x000000004013c4f4                core_mm_read_guest_phys
                0x000000004013c55e                core_mm_write_guest_phys
                0x000000004013c5c8                alloc_handler_descriptor
                0x000000004013c5db                core_io_modify_handler
                0x000000004013c69c                core_io_unregister_handler
                0x000000004013c716                core_io_handle_default
                0x000000004013c9ed                panic_oom
                0x000000004013ca00                core_io_register_handler
                0x000000004013cb22                matched_drhd_u
                0x000000004013cb77                parse_dmar_bios_report
                0x000000004013cb83                ieee1394_init
                0x000000004013cc39                iommu_setup
                0x000000004013cc3a                iodom_init
                0x000000004013cdc3                add_remap
                0x000000004013cdf6                create_dom
                0x000000004013cdfc                pci_conceal_config_write
                0x000000004013ce02                pci_conceal_config_read
                0x000000004013cf03                pci_conceal_new
                0x000000004013d21d                pci_save_config_addr
                0x000000004013d250                pci_append_device
                0x000000004013d27b                pci_dump_pci_dev_list
                0x000000004013d27c                pci_find_driver_for_device
                0x000000004013d28a                pci_find_driver_by_token
                0x000000004013d2e8                pci_config_addr_handler
                0x000000004013d3fe                pci_set_bridge_callback
                0x000000004013d4ce                pci_register_driver
                0x000000004013d51a                pci_register_intr_callback
                0x000000004013d533                pci_readwrite_config_mmio
                0x000000004013d5f3                pci_read_config_mmio
                0x000000004013d616                pci_write_config_mmio
                0x000000004013d639                pci_config_pmio_enter
                0x000000004013d68d                pci_config_pmio_leave
                0x000000004013d6f2                pci_readwrite_config_pmio
                0x000000004013d7a1                pci_read_config_pmio
                0x000000004013d7c2                pci_write_config_pmio
                0x000000004013d7e3                pci_config_read
                0x000000004013d84a                pci_config_write
                0x000000004013d8b1                pci_handle_default_config_write
                0x000000004013d9c3                pci_handle_default_config_read
                0x000000004013e157                pci_config_data_handler
                0x000000004013e210                pci_config_mmio_handler
                0x000000004013e25b                pci_get_bar_info
                0x000000004013e26c                pci_set_bridge_io
                0x000000004013e598                pci_get_modifying_bar_info
                0x000000004013e656                pci_driver_option_get_int
                0x000000004013e6cf                pci_driver_option_get_bool
                0x000000004013e7a4                pci_msi_init
                0x000000004013e8f6                pci_msi_enable
                0x000000004013e922                pci_msi_disable
                0x000000004013e94e                pci_print_device
                0x000000004013ec18                pci_get_bridge_from_bus_no
                0x000000004013ec56                pci_set_bridge_from_bus_no
                0x000000004013efc1                pci_reconnect_device
                0x000000004013f295                pci_possible_new_device
                0x000000004013f359                pci_system_disconnect
                0x000000004013f840                pci_match
                0x000000004013ff88                pci_match_add_compat
                0x000000004013ffb4                pci_match_find_driver
                0x000000004014064d                security_storage_check_lba
                0x0000000040141bc3                pci_monitor_new
                0x0000000040142114                pci_monitor_config_read
                0x0000000040142627                pci_monitor_config_write
                0x00000000401455bb                ahci_new
                0x000000004014582d                ahci_config_read
                0x000000004014588d                ahci_config_write
                0x0000000040145abe                ata_bm_handle_command
                0x0000000040145be9                ata_bm_handle_status
                0x0000000040145c88                ata_bm_handle_prd_table
                0x0000000040145d78                ata_bm_handler
                0x0000000040145e4f                ata_get_cmd_type
                0x0000000040146200                ata_handle_queued_status
                0x0000000040146bc7                ata_channel_lock
                0x0000000040146c2d                ata_channel_unlock
                0x0000000040146c4f                ata_cmdblk_handler
                0x0000000040146d43                ata_ctlblk_handler
                0x0000000040147900                ata_ahci_mode
                0x0000000040147d5d                ata_init_io_handler
                0x0000000040147ded                ata_set_bm_handler
                0x0000000040147e40                ata_set_cmdblk_handler
                0x0000000040147e78                ata_set_ctlblk_handler
                0x0000000040147eb3                ata_config_read
                0x0000000040147f72                ata_config_write
                0x0000000040148107                ata_init_vendor
                0x000000004014812b                ata_bm_handle_device_specific
                0x0000000040148221                atapi_handle_config_data
                0x00000000401484a9                atapi_handle_interrupt_reason
                0x00000000401484f1                atapi_handle_pio_identify_packet
                0x00000000401486df                atapi_handle_packet_data
                0x00000000401486e5                atapi_handle_cmd_packet
                0x0000000040148756                packet_handle_through
                0x0000000040148785                packet_handle_nondata
                0x000000004014879a                packet_handle_config
                0x00000000401487e2                packet_handle_rw
                0x000000004014886e                packet_handle_invalid
                0x0000000040148883                packet_handle_command
                0x00000000401488aa                uhci_init
                0x0000000040149233                uhci_current_frame_number
                0x0000000040149240                dump_td_byvirt
                0x00000000401493cc                dump_td
                0x000000004014948d                dump_qh
                0x0000000040149693                dump_frame
                0x000000004014978c                uhci_dump_all
                0x00000000401499db                uhci_error_status_string
                0x0000000040149fa2                uhci_shadow_buffer
                0x000000004014a21c                uhci_framelist_monitor
                0x000000004014bcd7                scan_gframelist
                0x000000004014c4f5                uhci_create_urb
                0x000000004014c5c8                uhci_destroy_urb
                0x000000004014c6fc                uhci_destroy_unlinked_urbs
                0x000000004014c7d7                uhci_deactivate_urb
                0x000000004014cb6a                uhci_activate_urb
                0x000000004014d0e4                uhci_reactivate_urb
                0x000000004014d186                uhci_submit_control
                0x000000004014d7d0                uhci_submit_interrupt
                0x000000004014d83c                uhci_submit_bulk
                0x000000004014d8a8                uhci_check_urb_advance
                0x000000004014d8d4                uhci_check_advance
                0x000000004014dadb                init_hframelist
                0x000000004014dd74                ehci_conceal_portroute
                0x000000004014ddb1                ehci_init
                0x000000004014ffe2                ehci_dump_qtd
                0x0000000040150043                ehci_dump_qtdm
                0x0000000040150077                ehci_dump_alist
                0x0000000040150138                ehci_dump_urblist
                0x00000000401501cc                ehci_dump_urb
                0x0000000040150700                ehci_dump_async
                0x0000000040150b1a                ehci_dump_all
                0x0000000040152088                ehci_shadow_buffer
                0x000000004015232f                get_gurb_by_address
                0x00000000401523b8                shadow_and_activate_urb
                0x0000000040152698                ehci_deactivate_urb
                0x000000004015283e                deactivate_and_delete_urb
                0x0000000040152acd                ehci_check_urb_advance
                0x0000000040152c22                ehci_check_advance
                0x0000000040152e46                ehci_shadow_async_list
                0x0000000040152f53                ehci_cleanup_urbs
                0x00000000401530b4                ehci_end_monitor_async
                0x000000004015311f                ehci_monitor_async_list
                0x000000004015370e                ehci_submit_control
                0x0000000040153bf8                ehci_submit_bulk
                0x0000000040153bfe                ehci_submit_interrupt
                0x0000000040153cce                xhci_init
                0x0000000040156774                xhci_unmap_guest_erst
                0x0000000040156801                xhci_create_shadow_erst
                0x0000000040156a37                xhci_update_er_and_dev_ctx
                0x00000000401576d3                xhci_sync_state
                0x000000004015772c                xhci_process_cmd_trb
                0x00000000401584ec                xhci_construct_gurbs
                0x00000000401590c4                xhci_append_h_urb_to_ep
                0x0000000040159157                xhci_shadow_g_urb
                0x0000000040159206                xhci_shadow_trbs
                0x00000000401596f0                xhci_hand_eps_back_to_guest
                0x000000004015975e                xhci_set_no_data_trb_hook
                0x00000000401597b8                xhci_ep0_shadowing
                0x00000000401597e4                xhci_ep0_copyback
                0x0000000040159861                xhci_hc_reset
                0x0000000040159980                xhci_submit_control
                0x0000000040159d15                xhci_submit_bulk
                0x0000000040159d1b                xhci_submit_interrupt
                0x0000000040159d21                xhci_check_urb_advance
                0x000000004015a039                xhci_deactivate_urb
                0x000000004015bd98                usbmsc_init_handle
                0x000000004015c16e                usbhub_init_handle
                0x000000004015c1d1                hub_portdevice_register
                0x000000004015cad3                usbccid_init_handle
                0x000000004015cede                usb_set_debug
                0x000000004015cee5                usb_init
                0x000000004015cee6                usb_find_busses
                0x000000004015cfbe                usb_get_busses
                0x000000004015cfc6                usb_get_bus
                0x000000004015cfe1                usb_find_devices
                0x000000004015d02c                usb_open
                0x000000004015d08d                usb_close
                0x000000004015d0a0                usb_resetep
                0x000000004015d0a6                usb_clear_halt
                0x000000004015d0ac                usb_reset
                0x000000004015d0b2                usb_claim_interface
                0x000000004015d0bb                usb_release_interface
                0x000000004015d0c8                usb_set_configuration
                0x000000004015d0f9                usb_set_altinterface
                0x000000004015d12c                usb_control_msg
                0x000000004015d15a                usb_get_string
                0x000000004015d18f                usb_get_string_simple
                0x000000004015d39f                usb_get_descriptor
                0x000000004015d3d8                usb_get_descriptor_early
                0x000000004015d410                usb_get_descriptor_by_endpoint
                0x000000004015d445                usb_bulk_write
                0x000000004015d5eb                usb_interrupt_write
                0x000000004015d791                usb_bulk_read
                0x000000004015d931                usb_interrupt_read
                0x000000004015dad1                usb_register_host
                0x000000004015dbc6                usb_unregister_devices
                0x000000004015dbf7                usb_sc_lock
                0x000000004015dc5a                usb_sc_unlock
                0x000000004015df9c                free_config_descriptors
                0x000000004015eaa5                free_device
                0x000000004015ec03                handle_connect_status
                0x000000004015ecf7                handle_port_reset
                0x000000004015edbd                dprintf_port
                0x000000004015f6cf                usb_init_device_monitor
                0x000000004015f723                usb_init_device
                0x000000004015f77f                usb_new_dev_handle
                0x000000004015f824                usbhid_init_handle
                0x000000004015f94c                usb_hook_register_ex
                0x000000004015fa78                usb_hook_register
                0x000000004015faa8                usb_hook_unregister
                0x000000004015fb1c                usb_hook_process
                0x000000004015ff06                _dprintf
                0x000000004015ff5b                _dprintft
                0x000000004016000d                pro100_io_handler
                0x0000000040160013                pro100_config_read
                0x000000004016002d                pro100_config_write
                0x000000004016013e                pro100_init
                0x0000000040160151                pro100_init_vpn_client
                0x000000004016019b                pro100_sleep
                0x00000000401601bf                pro100_beep
                0x00000000401601e8                pro100_get_ctx
                0x0000000040160262                pro100_alloc_page
                0x0000000040160297                pro100_free_page
                0x00000000401602af                pro100_get_op_size
                0x00000000401602e8                pro100_mem_read
                0x0000000040160356                pro100_read_send_packet
                0x00000000401605fb                pro100_mem_write
                0x0000000040160666                pro100_write
                0x00000000401606d3                pro100_read
                0x000000004016074d                pro100_wait_cu_ru_accepable
                0x000000004016076e                pro100_init_cu_base_addr
                0x00000000401607c4                pro100_init_ru_base_addr
                0x000000004016081a                pro100_flush
                0x0000000040160838                pro100_exec_cu_op
                0x000000004016097a                pro100_send_packet_to_line
                0x0000000040160aab                pro100_generate_int
                0x0000000040160ad4                pro100_write_recv_packet
                0x0000000040160c17                pro100_proc_guest_op
                0x0000000040160e34                pro100_get_int_bit_string
                0x0000000040160e9c                pro100_get_stat_ack_string
                0x0000000040160efc                pro100_get_cu_command_string
                0x0000000040160f6a                pro100_get_ru_command_string
                0x0000000040160fa8                pro100_init_recv_buffer
                0x000000004016109f                pro100_poll_ru
                0x00000000401611a2                pro100_hook_write
                0x000000004016141a                pro100_hook_read
                0x00000000401615d5                pro100_mm_handler
                0x0000000040161716                pro100_alloc_recv_buffer
                0x0000000040161773                pro100_new
                0x00000000401666b0                virtio_net_config_read
                0x0000000040166923                virtio_net_config_write
                0x0000000040166b1a                virtio_net_set_multifunction
                0x0000000040166b1e                virtio_net_set_msix
                0x0000000040166b37                virtio_net_msix
                0x0000000040166cc5                virtio_intr
                0x0000000040166d27                virtio_net_init
                0x00000000401670c8                reg_hpet_mm_handler
                0x0000000040167318                reg_ioapic_mm_handler
                0x000000004016736a                storage_premap_buf
                0x0000000040167370                storage_premap_handle_sectors
                0x000000004016769a                storage_get_num_hc
                0x00000000401676c7                storage_hc_open
                0x000000004016779d                storage_hc_close
                0x00000000401677ea                storage_hc_hook_register
                0x0000000040167862                storage_hc_hook_unregister
                0x0000000040167901                storage_hc_register
                0x0000000040167a9b                storage_hc_unregister
                0x0000000040167b94                storage_hc_scandev
                0x0000000040167bda                storage_hc_dev_open
                0x0000000040167cfb                storage_hc_dev_atacommand
                0x0000000040167e8f                storage_hc_dev_close
                0x0000000040167f47                storage_io_init
                0x0000000040167f57                storage_io_deinit
                0x0000000040167f65                storage_io_get_num_devices
                0x000000004016802e                storage_io_aget_size
                0x000000004016813a                storage_io_aread
                0x00000000401682ef                storage_io_awrite
                0x0000000040168a36                storage_handle_sectors
                0x0000000040168c4e                storage_new
                0x0000000040169114                storage_free
                0x0000000040169122                storage_init
                0x0000000040169314                aes_xts_init
                0x000000004016934a                crypto_find
                0x0000000040169389                crypto_register
                0x00000000401693ce                crypto_init
                0x0000000040169420                crypto_none_init
                0x00000000401694f8                vpn_GetCurrentCpuId
                0x0000000040169506                vpn_GetTickCount
                0x0000000040169537                vpn_NewTimer
                0x0000000040169554                vpn_SetTimer
                0x000000004016956b                vpn_FreeTimer
                0x0000000040169579                vpn_GetPhysicalNicInfo
                0x00000000401695c4                vpn_SendPhysicalNic
                0x00000000401695dd                vpn_SetPhysicalNicRecvCallback
                0x0000000040169605                vpn_GetVirtualNicInfo
                0x0000000040169650                vpn_SendVirtualNic
                0x0000000040169669                vpn_SetVirtualNicRecvCallback
                0x0000000040169694                vpn_ic_rsa_sign
                0x0000000040169c90                msg_vpn_GetCurrentCpuId
                0x0000000040169cab                msg_vpn_ic_rsa_sign
                0x0000000040169d75                msg_vpn_GetTickCount
                0x0000000040169db6                msg_vpn_GetPhysicalNicInfo
                0x0000000040169e18                msg_vpn_SendPhysicalNic
                0x0000000040169ed0                msg_vpn_SetPhysicalNicRecvCallback
                0x0000000040169f20                msg_vpn_GetVirtualNicInfo
                0x0000000040169f82                msg_vpn_SendVirtualNic
                0x000000004016a03a                msg_vpn_SetVirtualNicRecvCallback
                0x000000004016a08a                msg_vpn_NewTimer
                0x000000004016a0ed                msg_vpn_SetTimer
                0x000000004016a1bb                msg_vpn_FreeTimer
                0x000000004016a223                vpn_start
                0x000000004016a5c0                vpn_user_init
                0x000000004016a604                SeFreeConfigEntryList
                0x000000004016a656                SeGetConfigEntry
                0x000000004016a6b5                SeGetConfigStr
                0x000000004016a6e3                SeGetConfigBin
                0x000000004016a709                SeGetConfigInt64
                0x000000004016a72f                SeGetConfigInt
                0x000000004016a755                SeGetConfigBool
                0x000000004016a7eb                SeIsSplitChar
                0x000000004016a84f                SeGetKeyAndValue
                0x000000004016a9e7                SeLoadConfigEntryListFromBuf
                0x000000004016ab61                SeLoadConfigEntryList
                0x000000004016ab96                SePKeyPasswordCallbackFunction
                0x000000004016abcc                SeDhFree
                0x000000004016ac03                SeRsaVerifyWithPadding
                0x000000004016acca                SeRsaSignWithPadding
                0x000000004016ad72                SeRsaPublicDecrypt
                0x000000004016adfb                SeRsaPrivateEncrypt
                0x000000004016ae84                SeRsaPrivateDecrypt
                0x000000004016af05                SeRsaPublicEncrypt
                0x000000004016af86                SeGetCertSha1
                0x000000004016afc3                SeGetCertMd5
                0x000000004016b000                SeBinToBigNum
                0x000000004016b032                SeDhCompute
                0x000000004016b0a5                SeBufToBigNum
                0x000000004016b0c2                SeBigNumToBuf
                0x000000004016b130                SeDhNew
                0x000000004016b1e4                SeDhNewGroup2
                0x000000004016b1fc                SeRsaPublicToBuf
                0x000000004016b231                SeRsaPublicToBin
                0x000000004016b289                SeRsaPublicSize
                0x000000004016b2dc                SeCheckSignature
                0x000000004016b308                SeGetKeyFromCert
                0x000000004016b331                SeCompareCert
                0x000000004016b35d                SeCheckCertAndKey
                0x000000004016b389                SeIsBase64
                0x000000004016b3f1                SeFreePKey
                0x000000004016b405                SeFreeKey
                0x000000004016b421                SeCheckCert
                0x000000004016b46a                SeIsCertSignedByCert
                0x000000004016b4c8                SeBioToKey
                0x000000004016b5ab                SeGetCertIssuerName
                0x000000004016b631                SeGetCertSubjectName
                0x000000004016b6b7                SeFreeX509
                0x000000004016b6cb                SeFreeCert
                0x000000004016b6ef                SeFreeBio
                0x000000004016b703                SeNewBio
                0x000000004016b719                SeRsaGen
                0x000000004016b874                SeKeyToBio
                0x000000004016b960                SeCertToBio
                0x000000004016b9a6                SeBioToBuf
                0x000000004016ba20                SeBigNumToStr
                0x000000004016ba84                SeKeyToBuf
                0x000000004016bad5                SeX509ToCert
                0x000000004016bb7e                SeBioToCert
                0x000000004016bbc1                SeSaveKey
                0x000000004016bc0c                SeCertToBuf
                0x000000004016bc5d                SeSaveCert
                0x000000004016bca5                SeBufToBio
                0x000000004016bcfd                SeBufToCert
                0x000000004016bd40                SeCloneCert
                0x000000004016bd89                SeLoadCert
                0x000000004016bdc8                SeBufToKey
                0x000000004016be15                SeCloneKey
                0x000000004016be69                SeLoadKey
                0x000000004016bf08                SeSha1
                0x000000004016bf2c                SeMacSha1
                0x000000004016c089                SeMacSha196
                0x000000004016c0d5                SeHashForSignBySHA1
                0x000000004016c156                SeRsaVerifyWithSha1
                0x000000004016c1f3                SeRsaSignWithSha1
                0x000000004016c289                SeMd5
                0x000000004016c2ad                SeDes3Encrypt
                0x000000004016c32f                SeDes3Decrypt
                0x000000004016c3b1                SeDesNewKeyValue
                0x000000004016c405                SeDes3NewKey
                0x000000004016c472                SeDesNewKey
                0x000000004016c486                SeDesRandKeyValue
                0x000000004016c4a3                SeDes3RandKey
                0x000000004016c4df                SeDesRandKey
                0x000000004016c51c                SeDesFreeKeyValue
                0x000000004016c538                SeDes3FreeKey
                0x000000004016c566                SeDesFreeKey
                0x000000004016c574                SeRand
                0x000000004016c58c                SeRand64
                0x000000004016c5a9                SeRand32
                0x000000004016c5c5                SeRand16
                0x000000004016c5e2                SeRand8
                0x000000004016c5ff                SeRand1
                0x000000004016c615                SeInitCrypto
                0x000000004016c652                SeFreeCrypto
                0x000000004016c661                SeIkeStrToPassword
                0x000000004016c6c1                SeIkePhase1CryptIdToKeySize
                0x000000004016c6de                SeIkePhase2CryptIdToKeySize
                0x000000004016c6fb                SeIkeStrToPhase1Mode
                0x000000004016c72e                SeIkeStrToPhase1CryptId
                0x000000004016c78d                SeIkeStrToPhase1HashId
                0x000000004016c7bc                SeIkeStrToPhase2CryptId
                0x000000004016c81b                SeIkeStrToPhase2HashId
                0x000000004016c84a                SeIkeIsZeroIP
                0x000000004016c87c                SeIkeInitIPv6Address
                0x000000004016c8ba                SeIkeInitIPv4Address
                0x000000004016c8ee                SeIkeGetIPv6Address
                0x000000004016c90e                SeIkeGetIPv4Address
                0x000000004016c929                SeIkeIpAddressToStr
                0x000000004016c967                SeIkeBuildDataPayload
                0x000000004016c9a2                SeIkeBuildTransformValue
                0x000000004016ca5f                SeIkeBuildTransformValueList
                0x000000004016cacc                SeIkeBuildTransformPayload
                0x000000004016cb45                SeIkeBuildIdPayload
                0x000000004016cbb9                SeIkeBuildCertPayload
                0x000000004016cc17                SeIkeBuildCertRequestPayload
                0x000000004016cc75                SeIkeBuildNoticePayload
                0x000000004016cd00                SeIkeBuildDeletePayload
                0x000000004016cdd0                SeIkeGetFirstPayloadType
                0x000000004016cdf0                SeIkeBuildPayloadList
                0x000000004016cf06                SeIkeBuildSaPayload
                0x000000004016cf8c                SeIkeBuildProposalPayload
                0x000000004016d035                SeIkeBuildPayload
                0x000000004016d117                SeIkeGetPayload
                0x000000004016d16a                SeIkeGetPayloadNum
                0x000000004016d1a9                SeIkeNewPayload
                0x000000004016d1ba                SeIkeNewDeletePayload
                0x000000004016d1e8                SeIkeNewNoticePayload
                0x000000004016d270                SeIkeNewCertRequestPayload
                0x000000004016d2bf                SeIkeNewCertPayload
                0x000000004016d30e                SeIkeNewIdPayload
                0x000000004016d375                SeIkeNewTransformPayload
                0x000000004016d3a6                SeIkeNewProposalPayload
                0x000000004016d415                SeIkeNewSaPayload
                0x000000004016d433                SeIkeNewDataPayload
                0x000000004016d46a                SeIkeNewTransformValue
                0x000000004016d48b                SeIkeFreeTransformValueList
                0x000000004016d4ca                SeIkeParseTransformValueList
                0x000000004016d64d                SeIkeParseTransformPayload
                0x000000004016d6b5                SeIkeFreeTransformPayload
                0x000000004016d6d7                SeIkeParseIdPayload
                0x000000004016d751                SeIkeFreeIdPayload
                0x000000004016d773                SeIkeParseCertPayload
                0x000000004016d7d8                SeIkeFreeCertPayload
                0x000000004016d7fa                SeIkeParseCertRequestPayload
                0x000000004016d85f                SeIkeFreeCertRequestPayload
                0x000000004016d881                SeIkeParseNoticePayload
                0x000000004016d944                SeIkeFreeNoticePayload
                0x000000004016d97c                SeIkeFreeDeletePayload
                0x000000004016d9cc                SeIkeParseDeletePayload
                0x000000004016daca                SeIkeParseDataPayload
                0x000000004016dafd                SeIkeFreeDataPayload
                0x000000004016db14                SeIkeFreePayloadList
                0x000000004016db53                SeIkeFreeSaPayload
                0x000000004016db73                SeIkeFreeProposalPayload
                0x000000004016dbab                SeIkeFreePayload
                0x000000004016dc41                SeIkeParsePayloadListEx
                0x000000004016ddd4                SeIkeParsePayloadList
                0x000000004016ddea                SeIkeParseSaPayload
                0x000000004016dea0                SeIkeParseProposalPayload
                0x000000004016df43                SeIkeParsePayload
                0x000000004016e028                SeIkeEncrypt
                0x000000004016e0c6                SeIkeEncryptWithPadding
                0x000000004016e176                SeIkeBuild
                0x000000004016e2bb                SeIkeDecrypt
                0x000000004016e355                SeIkeFree
                0x000000004016e385                SeIkeParseEx
                0x000000004016e559                SeIkeParseHeader
                0x000000004016e56c                SeIkeParse
                0x000000004016e57f                SeIkeNew
                0x000000004016e5dd                VPN_IPsec_Client_Start
                0x000000004016e606                VPN_IPsec_Client_Stop
                0x000000004016e61a                SeIntInit
                0x000000004016e630                SeIntFree
                0x000000004016e64d                VPN_IPsec_Init
                0x000000004016e69d                VPN_IPsec_Free
                0x000000004016e6d3                SeSysMemoryAlloc
                0x000000004016e6f2                SeSysMemoryReAlloc
                0x000000004016e71b                SeSysMemoryFree
                0x000000004016e737                SeSysGetCurrentCpuId
                0x000000004016e752                SeSysNewLock
                0x000000004016e76d                SeSysLock
                0x000000004016e789                SeSysUnlock
                0x000000004016e7a5                SeSysFreeLock
                0x000000004016e7c1                SeSysGetTickCount
                0x000000004016e7dc                SeSysNewTimer
                0x000000004016e802                SeSysSetTimer
                0x000000004016e81e                SeSysFreeTimer
                0x000000004016e83a                SeSysGetPhysicalNicInfo
                0x000000004016e85b                SeSysSendPhysicalNic
                0x000000004016e885                SeSysSetPhysicalNicRecvCallback
                0x000000004016e8b1                SeSysGetVirtualNicInfo
                0x000000004016e8d2                SeSysSendVirtualNic
                0x000000004016e8ff                SeSysSetVirtualNicRecvCallback
                0x000000004016e92e                SeSysSaveData
                0x000000004016e957                SeSysLoadData
                0x000000004016e980                SeSysFreeData
                0x000000004016e99f                SeSysRsaSign
                0x000000004016e9d8                SeSysLog
                0x000000004016ea09                SeRsaSign
                0x000000004016ea90                Se4ParseIpPacketUDPv4
                0x000000004016eb6b                Se4FreeIpHeaderInfo
                0x000000004016eb93                Se4IpChecksum
                0x000000004016ec07                Se4AdjustTcpMss
                0x000000004016eda2                Se4BuildIcmpEchoPacket
                0x000000004016ee41                Se4ParseIpPacketICMPv4
                0x000000004016ef61                Se4IpCheckChecksum
                0x000000004016ef99                Se4Tick
                0x000000004016efb5                Se4BroadcastMacAddress
                0x000000004016efbb                Se4SendEthPacket
                0x000000004016f06e                Se4SendIpFragmentNow
                0x000000004016f09b                Se4InitArpEntryList
                0x000000004016f0ae                Se4FreeArpEntryList
                0x000000004016f0ed                Se4FlushArpEntryList
                0x000000004016f19b                Se4SearchArpEntryList
                0x000000004016f20a                Se4AddArpEntryList
                0x000000004016f2d1                Se4SearchArpWaitList
                0x000000004016f30d                Se4InitArpWaitList
                0x000000004016f320                Se4FreeArpWaitList
                0x000000004016f35f                Se4InsertIpWait
                0x000000004016f3c8                Se4InitIpWaitList
                0x000000004016f3db                Se4FreeIpWait
                0x000000004016f3f8                Se4FlushIpWaitList
                0x000000004016f4ae                Se4FreeIpWaitList
                0x000000004016f4ed                Se4InitIpCombineList
                0x000000004016f500                Se4SearchIpCombineList
                0x000000004016f55e                Se4InitIpFragmentList
                0x000000004016f571                Se4InsertIpCombine
                0x000000004016f651                Se4FreeIpFragmentList
                0x000000004016f690                Se4FreeIpCombine
                0x000000004016f6bc                Se4FreeIpCombineList
                0x000000004016f6fd                Se4FlushIpCombineList
                0x000000004016f7d4                Se4Free
                0x000000004016f80c                Se4And
                0x000000004016f83b                Se4GetNetworkAddress
                0x000000004016f841                Se4Or
                0x000000004016f870                Se4Not
                0x000000004016f89b                Se4GetHostAddress
                0x000000004016f8b0                Se4GetBroadcastAddress
                0x000000004016f8da                Se4GenerateSubnetMask32
                0x000000004016f8fc                Se4IPToStr
                0x000000004016f93a                Se4ZeroIP
                0x000000004016f956                Se4StrToIP
                0x000000004016f9f6                Se4IPToUINT
                0x000000004016fa1b                Se4SendArpDoProcess
                0x000000004016fb0b                Se4SendArpRequest
                0x000000004016fb68                Se4ProcessArpWaitList
                0x000000004016fc20                Se4MainProc
                0x000000004016fc45                Se4SendArpResponse
                0x000000004016fd1b                Se4IsBroadcastAddress
                0x000000004016fd32                Se4Cmp
                0x000000004016fd5c                Se4CmpArpEntry
                0x000000004016fd94                Se4CmpArpWaitEntry
                0x000000004016fdcc                Se4SendWaitingIpWait
                0x000000004016feb1                Se4CmpIpCombineList
                0x000000004016ff2b                Se4IsInSameNetwork
                0x000000004016ff5f                Se4MacIpRelationKnown
                0x000000004016fffd                Se4ParseIpPacket
                0x0000000040170140                Se4IsZeroIP
                0x0000000040170156                Se4Init
                0x0000000040170255                Se4CheckUnicastAddress
                0x0000000040170299                Se4StrToIP32
                0x00000000401702ae                Se4UINTToIP
                0x00000000401702d3                Se4SendRawIp
                0x000000004017041e                Se4SendIpFragment
                0x000000004017054f                Se4SendIp
                0x0000000040170629                Se4SendIcmpEchoRequest
                0x00000000401706a5                Se4SendIcmpEchoResponse
                0x0000000040170721                Se4RecvIpComplete
                0x00000000401707e8                Se4CombineIp
                0x0000000040170a00                Se4SendIcmp
                0x0000000040170aa2                Se4SendUdp
                0x0000000040170bcc                Se4RecvIp
                0x0000000040170e5d                Se4RecvArpRequest
                0x0000000040170f66                Se4RecvArpResponse
                0x0000000040170fa4                Se4RecvArp
                0x0000000040171049                Se4RecvEthPacket
                0x00000000401710c2                Se4GenerateSubnetMask
                0x00000000401710d7                Se4IsSubnetMask
                0x0000000040171113                Se4IPToStr32
                0x000000004017112a                Se6CmpIpCombineList
                0x00000000401711f0                Se6CmpNdpWaitEntry
                0x0000000040171252                Se6CmpNeighborEntry
                0x00000000401712b4                Se6IsGuestNode
                0x0000000040171384                Se6FreeIpHeaderInfo
                0x00000000401713ac                Se6IpChecksum
                0x0000000040171420                Se6CalcChecksum
                0x00000000401714cf                Se6BuildIcmpEchoPacket
                0x00000000401715b4                Se6ParseIpPacketUDPv6
                0x00000000401716e1                Se6ParseIpPacketICMPv6
                0x00000000401718ee                Se6BroadcastMacAddress
                0x00000000401718f4                Se6SendEthPacket
                0x00000000401719a7                Se6SendIpFragmentNow
                0x00000000401719d4                Se6InitNeighborEntryList
                0x00000000401719e7                Se6FreeNeighborEntryList
                0x0000000040171a26                Se6FlushNeighborEntryList
                0x0000000040171ad4                Se6SearchNeighborEntryList
                0x0000000040171b21                Se6AddNeighborEntryList
                0x0000000040171be7                Se6SearchNdpWaitList
                0x0000000040171c2c                Se6InitNdpWaitList
                0x0000000040171c3f                Se6FreeNdpWaitList
                0x0000000040171c7e                Se6InsertIpWait
                0x0000000040171cfa                Se6InitIpWaitList
                0x0000000040171d0d                Se6FreeIpWait
                0x0000000040171d2a                Se6SendWaitingIpWait
                0x0000000040171e3f                Se6FreeIpWaitList
                0x0000000040171e7e                Se6InitIpCombineList
                0x0000000040171e91                Se6SearchIpCombineList
                0x0000000040171f11                Se6InitIpFragmentList
                0x0000000040171f24                Se6FreeIpFragmentList
                0x0000000040171f63                Se6FreeIpCombine
                0x0000000040171f92                Se6FreeIpCombineList
                0x0000000040171fd3                Se6Free
                0x0000000040172017                Se6Tick
                0x0000000040172033                Se6FlushIpWaitList
                0x00000000401720ef                Se6FlushIpCombineList
                0x00000000401721c9                Se6InsertIpCombine
[...]
tcpip_begin                                       output.o
thread_exit                                       output.o
thread_gettid                                     output.o
thread_new                                        output.o
thread_start0                                     output.o
thread_start1                                     output.o
thread_switch                                     output.o
thread_wakeup                                     output.o
thread_will_stop                                  output.o
timer_free                                        output.o
timer_new                                         output.o
timer_set                                         output.o
tree_find_sk                                      output.o
tty_get_logbuf_info                               output.o
tty_init_iohook                                   output.o
tty_putchar                                       output.o
tty_udp_register                                  output.o
ttylog_copy_from_panicmem                         output.o
ttylog_copy_to_panicmem                           output.o
ttylog_stop                                       output.o
udp_bind                                          output.o
udp_connect                                       output.o
udp_disconnect                                    output.o
udp_init                                          output.o
udp_input                                         output.o
udp_new                                           output.o
udp_pcbs                                          output.o
udp_recv                                          output.o
udp_remove                                        output.o
udp_send                                          output.o
udp_sendto                                        output.o
udp_sendto_if                                     output.o
uefi_acpi_20_table                                output.o
uefi_acpi_table                                   output.o
uefi_allocate_pages                               output.o
uefi_boot_param_ext_addr                          output.o
uefi_booted                                       output.o
uefi_close_protocol                               output.o
uefi_conin                                        output.o
uefi_conin_read_key_stroke                        output.o
uefi_conout                                       output.o
uefi_conout_output_string                         output.o
uefi_disconnect_controller                        output.o
uefi_entry_call                                   output.o
uefi_entry_pcpy                                   output.o
uefi_entry_ret_addr                               output.o
uefi_entry_rsp                                    output.o
uefi_entry_start                                  output.o
uefi_entry_virttophys                             output.o
uefi_free_pages                                   output.o
uefi_free_pool                                    output.o
uefi_get_memory_map                               output.o
uefi_image_handle                                 output.o
uefi_init                                         output.o
uefi_init_get_vmmsize                             output.o
uefi_locate_handle_buffer                         output.o
uefi_memory_map_data                              output.o
uefi_memory_map_descsize                          output.o
uefi_memory_map_size                              output.o
uefi_mmio_space                                   output.o
uefi_open_protocol                                output.o
uefi_param_ext_get_phys                           output.o
uefi_wait_for_event                               output.o
uhci_activate_urb                                 output.o
uhci_check_advance                                output.o
uhci_check_urb_advance                            output.o
uhci_create_urb                                   output.o
uhci_current_frame_number                         output.o
uhci_deactivate_urb                               output.o
uhci_destroy_unlinked_urbs                        output.o
uhci_destroy_urb                                  output.o
uhci_dump_all                                     output.o
uhci_error_status_string                          output.o
uhci_framelist_monitor                            output.o
uhci_init                                         output.o
uhci_monitor_boost_hc                             output.o
uhci_reactivate_urb                               output.o
uhci_shadow_buffer                                output.o
uhci_submit_bulk                                  output.o
uhci_submit_control                               output.o
uhci_submit_interrupt                             output.o
unmapmem                                          output.o
update_mtrr_and_pat                               output.o
usb_bulk_read                                     output.o
usb_bulk_write                                    output.o
usb_busses_head                                   output.o
usb_claim_interface                               output.o
usb_clear_halt                                    output.o
usb_close                                         output.o
usb_control_msg                                   output.o
usb_find_busses                                   output.o
usb_find_devices                                  output.o
usb_get_bus                                       output.o
usb_get_busses                                    output.o
usb_get_descriptor                                output.o
usb_get_descriptor_by_endpoint                    output.o
usb_get_descriptor_early                          output.o
usb_get_string                                    output.o
usb_get_string_simple                             output.o
usb_hc_list_head                                  output.o
usb_hook_process                                  output.o
usb_hook_register                                 output.o
usb_hook_register_ex                              output.o
usb_hook_unregister                               output.o
usb_init                                          output.o
usb_init_device                                   output.o
usb_init_device_monitor                           output.o
usb_interrupt_read                                output.o
usb_interrupt_write                               output.o
usb_log_level                                     output.o
usb_new_dev_handle                                output.o
usb_open                                          output.o
usb_register_host                                 output.o
usb_release_interface                             output.o
usb_reset                                         output.o
usb_resetep                                       output.o
usb_sc_lock                                       output.o
usb_sc_unlock                                     output.o
usb_set_altinterface                              output.o
usb_set_configuration                             output.o
usb_set_debug                                     output.o
usb_unregister_devices                            output.o
usbccid_init_handle                               output.o
usbhid_init_handle                                output.o
usbhub_init_handle                                output.o
usbmsc_init_handle                                output.o
use_pae                                           output.o
usleep                                            output.o
v2i_ASN1_BIT_STRING                               output.o
v2i_GENERAL_NAME                                  output.o
v2i_GENERAL_NAMES                                 output.o
v2i_GENERAL_NAME_ex                               output.o
v3_akey_id                                        output.o
v3_alt                                            output.o
v3_bcons                                          output.o
v3_cpols                                          output.o
v3_crl_hold                                       output.o
v3_crl_invdate                                    output.o
v3_crl_num                                        output.o
v3_crl_reason                                     output.o
v3_crld                                           output.o
v3_delta_crl                                      output.o
v3_ext_ku                                         output.o
v3_freshest_crl                                   output.o
v3_idp                                            output.o
v3_info                                           output.o
v3_inhibit_anyp                                   output.o
v3_key_usage                                      output.o
v3_name_constraints                               output.o
v3_ns_ia5_list                                    output.o
v3_nscert                                         output.o
v3_ocsp_accresp                                   output.o
v3_ocsp_acutoff                                   output.o
v3_ocsp_crlid                                     output.o
v3_ocsp_nocheck                                   output.o
v3_ocsp_nonce                                     output.o
v3_ocsp_serviceloc                                output.o
v3_pci                                            output.o
v3_pkey_usage_period                              output.o
v3_policy_constraints                             output.o
v3_policy_mappings                                output.o
v3_sinfo                                          output.o
v3_skey_id                                        output.o
v3_sxnet                                          output.o
vcpu_list_foreach                                 output.o
vga_fill_rect                                     output.o
vga_get_screen_size                               output.o
vga_is_ready                                      output.o
vga_register                                      output.o
vga_transfer_image                                output.o
virtio_intr                                       output.o
virtio_net_config_read                            output.o
virtio_net_config_write                           output.o
virtio_net_init                                   output.o
virtio_net_msix                                   output.o
virtio_net_set_msix                               output.o
virtio_net_set_multifunction                      output.o
vmctl_svm_init                                    output.o
vmctl_vt_init                                     output.o
vmm_base_cr3                                      output.o
vmm_main                                          output.o
vmm_start_inf                                     output.o
vmm_start_phys                                    output.o
vmm_term_inf                                      output.o
vmmcall                                           output.o
vmmcall_boot_continue                             output.o
vmmcall_boot_enable                               output.o
vmmcall_init                                      output.o
vmmcall_register                                  output.o
vmmsize                                           output.o
vpn_FreeTimer                                     output.o
vpn_GetCurrentCpuId                               output.o
vpn_GetPhysicalNicInfo                            output.o
vpn_GetTickCount                                  output.o
vpn_GetVirtualNicInfo                             output.o
vpn_NewTimer                                      output.o
vpn_SendPhysicalNic                               output.o
vpn_SendVirtualNic                                output.o
vpn_SetPhysicalNicRecvCallback                    output.o
vpn_SetTimer                                      output.o
vpn_SetVirtualNicRecvCallback                     output.o
vpn_ic_rsa_sign                                   output.o
vpn_start                                         output.o
vpn_user_init                                     output.o
vprintf                                           output.o
vramwrite_clearscreen                             output.o
vramwrite_exit_global                             output.o
vramwrite_get_cursor_pos                          output.o
vramwrite_init_global                             output.o
vramwrite_mark1                                   output.o
vramwrite_mark2                                   output.o
vramwrite_mark3                                   output.o
vramwrite_putchar                                 output.o
vramwrite_restore_cursor                          output.o
vramwrite_save_and_move_cursor                    output.o
vsnprintf                                         output.o
vt__vmx_init                                      output.o
vt__vmxon                                         output.o
vt_add_guest_msr                                  output.o
vt_available                                      output.o
vt_enable_resume                                  output.o
vt_ept_clear_all                                  output.o
vt_ept_extern_mapsearch                           output.o
vt_ept_init                                       output.o
vt_ept_map_1mb                                    output.o
vt_ept_tlbflush                                   output.o
vt_ept_updatecr3                                  output.o
vt_ept_violation                                  output.o
vt_generate_external_int                          output.o
vt_generate_pagefault                             output.o
vt_get_current_regs_in_vmcs                       output.o
vt_get_vmcs_regs_in_vmcs                          output.o
vt_init                                           output.o
vt_init_signal                                    output.o
vt_io                                             output.o
vt_iopass                                         output.o
vt_msr_init                                       output.o
vt_msr_load_process64_msrs                        output.o
vt_msr_own_process_msrs                           output.o
vt_msr_update_lma                                 output.o
vt_msrpass                                        output.o
vt_paging_apply_fixed_cr0                         output.o
vt_paging_apply_fixed_cr4                         output.o
vt_paging_clear_all                               output.o
vt_paging_extern_flush_tlb_entry                  output.o
vt_paging_flush_guest_tlb                         output.o
vt_paging_get_gpat                                output.o
vt_paging_init                                    output.o
vt_paging_invalidate                              output.o
vt_paging_map_1mb                                 output.o
vt_paging_npf                                     output.o
vt_paging_pagefault                               output.o
vt_paging_pg_change                               output.o
vt_paging_set_gpat                                output.o
vt_paging_spt_setcr3                              output.o
vt_paging_start                                   output.o
vt_paging_tlbflush                                output.o
vt_paging_updatecr3                               output.o
vt_panic_dump                                     output.o
vt_read_control_reg                               output.o
vt_read_flags                                     output.o
vt_read_gdtr                                      output.o
vt_read_general_reg                               output.o
vt_read_guest_msr                                 output.o
vt_read_idtr                                      output.o
vt_read_ip                                        output.o
vt_read_msr                                       output.o
vt_read_sreg_acr                                  output.o
vt_read_sreg_base                                 output.o
vt_read_sreg_limit                                output.o
vt_read_sreg_sel                                  output.o
vt_reset                                          output.o
vt_resume                                         output.o
vt_start_vm                                       output.o
vt_update_exception_bmp                           output.o
vt_update_exint                                   output.o
vt_vmexit                                         output.o
vt_vminit                                         output.o
vt_vmptrld                                        output.o
vt_write_control_reg                              output.o
vt_write_flags                                    output.o
vt_write_gdtr                                     output.o
vt_write_general_reg                              output.o
vt_write_guest_msr                                output.o
vt_write_idtr                                     output.o
vt_write_ip                                       output.o
vt_write_msr                                      output.o
vt_write_realmode_seg                             output.o
vt_writing_sreg                                   output.o
waitcycles                                        output.o
wakeup_cont                                       output.o
wakeup_entry_addr                                 output.o
wakeup_entry_cr0                                  output.o
wakeup_entry_cr3                                  output.o
wakeup_entry_cr4                                  output.o
wakeup_entry_end                                  output.o
wakeup_entry_gdtr                                 output.o
wakeup_entry_start                                output.o
wakeup_init                                       output.o
wakeup_main                                       output.o
whirlpool_block                                   output.o
write_gphys_b                                     output.o
write_gphys_l                                     output.o
write_gphys_q                                     output.o
write_gphys_w                                     output.o
write_hphys_b                                     output.o
write_hphys_l                                     output.o
write_hphys_q                                     output.o
write_hphys_w                                     output.o
write_linearaddr_b                                output.o
write_linearaddr_l                                output.o
write_linearaddr_ok_b                             output.o
write_linearaddr_ok_l                             output.o
write_linearaddr_ok_w                             output.o
write_linearaddr_q                                output.o
write_linearaddr_tss                              output.o
write_linearaddr_w                                output.o
x509_name_ff                                      output.o
xhci_append_h_urb_to_ep                           output.o
xhci_check_urb_advance                            output.o
xhci_construct_gurbs                              output.o
xhci_create_shadow_erst                           output.o
xhci_deactivate_urb                               output.o
xhci_ep0_copyback                                 output.o
xhci_ep0_shadowing                                output.o
xhci_hand_eps_back_to_guest                       output.o
xhci_hc_reset                                     output.o
xhci_init                                         output.o
xhci_process_cmd_trb                              output.o
xhci_set_no_data_trb_hook                         output.o
xhci_shadow_g_urb                                 output.o
xhci_shadow_trbs                                  output.o
xhci_submit_bulk                                  output.o
xhci_submit_control                               output.o
xhci_submit_interrupt                             output.o
xhci_sync_state                                   output.o
xhci_unmap_guest_erst                             output.o
xhci_update_er_and_dev_ctx                        output.o
